[2026-02-05 15:12:28,504: INFO/MainProcess] Task app.tasks.sync_tasks.sync_single_site_task[e9631a94-d932-4af3-8100-766dafa8c3ee] received
[2026-02-05 15:12:28,505: INFO/MainProcess] Task app.tasks.sync_tasks.sync_single_site_task[92af7b05-4df6-404c-8bf6-3b0f3946f7cc] received
[2026-02-05 15:12:28,506: INFO/MainProcess] Task app.tasks.sync_tasks.sync_single_site_task[574d10e0-d37a-4c35-b3f6-aa1a3971a813] received
[2026-02-05 15:12:28,507: INFO/MainProcess] Task app.tasks.sync_tasks.sync_single_site_task[fa8d2533-0efb-4ef3-ad94-21760ecff9d9] received
[2026-02-05 15:12:28,509: INFO/MainProcess] Task app.tasks.sync_tasks.sync_single_site_task[ebd4aa0d-d254-4fde-b480-c6c1252a9b76] received
[2026-02-05 15:12:28,508: INFO/ForkPoolWorker-1] Starting sync for site 2 (attempt 1)
[2026-02-05 15:12:28,509: INFO/ForkPoolWorker-2] Starting sync for site 4 (attempt 1)
[2026-02-05 15:12:28,509: INFO/ForkPoolWorker-9] Starting sync for site 3 (attempt 1)
[2026-02-05 15:12:28,510: INFO/ForkPoolWorker-8] Task app.tasks.sync_tasks.sync_all_sites_task[30d23204-024d-4236-bea5-932502df9d21] succeeded in 0.017977917043026537s: None
[2026-02-05 15:12:28,510: INFO/ForkPoolWorker-10] Starting sync for site 5 (attempt 1)
[2026-02-05 15:12:28,510: INFO/ForkPoolWorker-3] Starting sync for site 6 (attempt 1)
[2026-02-05 15:12:28,512: INFO/MainProcess] Task app.tasks.sync_tasks.sync_single_site_task[25e1cb4c-6e5b-4d46-aded-74b14e6fa391] received
[2026-02-05 15:12:28,513: INFO/ForkPoolWorker-8] Starting sync for site 9 (attempt 1)
[2026-02-05 15:12:28,514: INFO/MainProcess] Task app.tasks.sync_tasks.sync_single_site_task[7d47e754-81b9-438b-abca-56e4582e01ee] received
[2026-02-05 15:12:28,514: INFO/ForkPoolWorker-4] Starting sync for site 7 (attempt 1)
[2026-02-05 15:12:28,519: INFO/ForkPoolWorker-8] Syncing site 9
[2026-02-05 15:12:28,519: INFO/ForkPoolWorker-5] Starting sync for site 10 (attempt 1)
[2026-02-05 15:12:28,522: INFO/ForkPoolWorker-2] Syncing site 4
[2026-02-05 15:12:28,522: INFO/ForkPoolWorker-1] Syncing site 2
[2026-02-05 15:12:28,523: INFO/ForkPoolWorker-3] Syncing site 6
[2026-02-05 15:12:28,523: INFO/ForkPoolWorker-9] Syncing site 3
[2026-02-05 15:12:28,523: INFO/ForkPoolWorker-10] Syncing site 5
[2026-02-05 15:12:28,530: INFO/ForkPoolWorker-4] Syncing site 7
[2026-02-05 15:12:28,536: INFO/ForkPoolWorker-5] Syncing site 10
[2026-02-05 15:12:29,463: INFO/ForkPoolWorker-10] HTTP Request: GET https://cappadocia-tours.co/wp-json/wp/v2/users/me "HTTP/1.1 200 OK"
[2026-02-05 15:12:29,550: INFO/ForkPoolWorker-8] HTTP Request: GET https://duomodimilano-tickets.org/wp-json/wp/v2/users/me "HTTP/1.1 200 OK"
[2026-02-05 15:12:29,613: INFO/ForkPoolWorker-3] HTTP Request: GET https://colosseum-rome.co/wp-json/wp/v2/users/me "HTTP/1.1 200 OK"
[2026-02-05 15:12:29,699: INFO/ForkPoolWorker-4] HTTP Request: GET https://decks-nyc.com/wp-json/wp/v2/users/me "HTTP/1.1 200 OK"
[2026-02-05 15:12:29,733: INFO/ForkPoolWorker-1] HTTP Request: GET https://dubrovnik-tickets.co/wp-json/wp/v2/users/me "HTTP/1.1 200 OK"
[2026-02-05 15:12:29,738: INFO/ForkPoolWorker-2] HTTP Request: GET https://belvedere-tickets.org/wp-json/wp/v2/users/me "HTTP/1.1 200 OK"
[2026-02-05 15:12:29,811: INFO/ForkPoolWorker-5] HTTP Request: GET https://harrypotter-studio.com/wp-json/wp/v2/users/me "HTTP/1.1 200 OK"
[2026-02-05 15:12:29,861: INFO/ForkPoolWorker-9] HTTP Request: GET https://alhambra-palace.org/wp-json/wp/v2/users/me "HTTP/1.1 200 OK"
[2026-02-05 15:12:29,864: INFO/ForkPoolWorker-10] HTTP Request: GET https://cappadocia-tours.co/wp-json/fluentform/v1/submissions?form_id=1&page=1&per_page=50 "HTTP/1.1 200 OK"
[2026-02-05 15:12:29,878: INFO/ForkPoolWorker-10] Sync completed for site 5, synced 0 submissions
[2026-02-05 15:12:29,879: INFO/ForkPoolWorker-10] Successfully synced site 5 (Cappadocia Tours)
[2026-02-05 15:12:29,882: INFO/ForkPoolWorker-10] Task app.tasks.sync_tasks.sync_single_site_task[574d10e0-d37a-4c35-b3f6-aa1a3971a813] succeeded in 1.3733086250140332s: None
[2026-02-05 15:12:29,959: INFO/ForkPoolWorker-8] HTTP Request: GET https://duomodimilano-tickets.org/wp-json/fluentform/v1/submissions?form_id=1&page=1&per_page=50 "HTTP/1.1 200 OK"
[2026-02-05 15:12:29,966: INFO/ForkPoolWorker-8] Sync completed for site 9, synced 0 submissions
[2026-02-05 15:12:29,968: INFO/ForkPoolWorker-8] Successfully synced site 9 (Duodimilano Tickets)
[2026-02-05 15:12:29,969: INFO/ForkPoolWorker-8] Task app.tasks.sync_tasks.sync_single_site_task[25e1cb4c-6e5b-4d46-aded-74b14e6fa391] succeeded in 1.4561866659787484s: None
[2026-02-05 15:12:30,113: INFO/ForkPoolWorker-4] HTTP Request: GET https://decks-nyc.com/wp-json/fluentform/v1/submissions?form_id=1&page=1&per_page=50 "HTTP/1.1 200 OK"
[2026-02-05 15:12:30,120: INFO/ForkPoolWorker-4] Sync completed for site 7, synced 0 submissions
[2026-02-05 15:12:30,121: INFO/ForkPoolWorker-4] Successfully synced site 7 (Decks NYC)
[2026-02-05 15:12:30,124: INFO/ForkPoolWorker-4] Task app.tasks.sync_tasks.sync_single_site_task[ebd4aa0d-d254-4fde-b480-c6c1252a9b76] succeeded in 1.6105569160426967s: None
[2026-02-05 15:12:30,184: INFO/ForkPoolWorker-3] HTTP Request: GET https://colosseum-rome.co/wp-json/fluentform/v1/submissions?form_id=1&page=1&per_page=50 "HTTP/1.1 200 OK"
[2026-02-05 15:12:30,191: INFO/ForkPoolWorker-3] Sync completed for site 6, synced 1 submissions
[2026-02-05 15:12:30,192: INFO/ForkPoolWorker-3] Successfully synced site 6 (Colosseum Rome)
[2026-02-05 15:12:30,195: INFO/ForkPoolWorker-3] Task app.tasks.sync_tasks.sync_single_site_task[fa8d2533-0efb-4ef3-ad94-21760ecff9d9] succeeded in 1.6857742909924127s: None
[2026-02-05 15:12:30,362: INFO/ForkPoolWorker-2] HTTP Request: GET https://belvedere-tickets.org/wp-json/fluentform/v1/submissions?form_id=1&page=1&per_page=50 "HTTP/1.1 200 OK"
[2026-02-05 15:12:30,363: INFO/ForkPoolWorker-1] HTTP Request: GET https://dubrovnik-tickets.co/wp-json/fluentform/v1/submissions?form_id=1&page=1&per_page=50 "HTTP/1.1 200 OK"
[2026-02-05 15:12:30,367: INFO/ForkPoolWorker-2] Sync completed for site 4, synced 0 submissions
[2026-02-05 15:12:30,368: INFO/ForkPoolWorker-2] Successfully synced site 4 (Belvedere Tickets)
[2026-02-05 15:12:30,370: INFO/ForkPoolWorker-2] Task app.tasks.sync_tasks.sync_single_site_task[92af7b05-4df6-404c-8bf6-3b0f3946f7cc] succeeded in 1.8618046249612235s: None
[2026-02-05 15:12:30,373: INFO/ForkPoolWorker-1] Sync completed for site 2, synced 1 submissions
[2026-02-05 15:12:30,374: INFO/ForkPoolWorker-1] Successfully synced site 2 (Dubrovnik Tickets)
[2026-02-05 15:12:30,376: INFO/ForkPoolWorker-1] Task app.tasks.sync_tasks.sync_single_site_task[019e54e3-6107-4dff-bac3-a6ebb3fb342c] succeeded in 1.8683828750508837s: None
[2026-02-05 15:12:30,469: INFO/ForkPoolWorker-5] HTTP Request: GET https://harrypotter-studio.com/wp-json/fluentform/v1/submissions?form_id=1&page=1&per_page=50 "HTTP/1.1 200 OK"
[2026-02-05 15:12:30,478: INFO/ForkPoolWorker-5] Sync completed for site 10, synced 0 submissions
[2026-02-05 15:12:30,479: INFO/ForkPoolWorker-5] Successfully synced site 10 (Harrypotter Studio)
[2026-02-05 15:12:30,482: INFO/ForkPoolWorker-5] Task app.tasks.sync_tasks.sync_single_site_task[7d47e754-81b9-438b-abca-56e4582e01ee] succeeded in 1.9645646249991842s: None
[2026-02-05 15:12:30,506: INFO/ForkPoolWorker-9] HTTP Request: GET https://alhambra-palace.org/wp-json/fluentform/v1/submissions?form_id=1&page=1&per_page=50 "HTTP/1.1 200 OK"
[2026-02-05 15:12:30,513: INFO/ForkPoolWorker-9] Sync completed for site 3, synced 2 submissions
[2026-02-05 15:12:30,514: INFO/ForkPoolWorker-9] Successfully synced site 3 (Alhambra Palace)
[2026-02-05 15:12:30,517: INFO/ForkPoolWorker-9] Task app.tasks.sync_tasks.sync_single_site_task[e9631a94-d932-4af3-8100-766dafa8c3ee] succeeded in 2.0084110000170767s: None

worker: Hitting Ctrl+C again will terminate all running tasks![2026-02-05 15:14:19,619: CRITICAL/MainProcess] Unrecoverable error: RuntimeError("reentrant call inside <_io.BufferedWriter name='<stderr>'>")
Traceback (most recent call last):
  File "/Users/deepak/Desktop/firestormInternet/fluent-forms-management/backend/venv/lib/python3.12/site-packages/celery/worker/worker.py", line 202, in start
    self.blueprint.start(self)
  File "/Users/deepak/Desktop/firestormInternet/fluent-forms-management/backend/venv/lib/python3.12/site-packages/celery/bootsteps.py", line 116, in start
    step.start(parent)
  File "/Users/deepak/Desktop/firestormInternet/fluent-forms-management/backend/venv/lib/python3.12/site-packages/celery/bootsteps.py", line 365, in start
    return self.obj.start()
           ^^^^^^^^^^^^^^^^
  File "/Users/deepak/Desktop/firestormInternet/fluent-forms-management/backend/venv/lib/python3.12/site-packages/celery/worker/consumer/consumer.py", line 340, in start
    blueprint.start(self)
  File "/Users/deepak/Desktop/firestormInternet/fluent-forms-management/backend/venv/lib/python3.12/site-packages/celery/bootsteps.py", line 116, in start
    step.start(parent)
  File "/Users/deepak/Desktop/firestormInternet/fluent-forms-management/backend/venv/lib/python3.12/site-packages/celery/worker/consumer/consumer.py", line 742, in start
    c.loop(*c.loop_args())
  File "/Users/deepak/Desktop/firestormInternet/fluent-forms-management/backend/venv/lib/python3.12/site-packages/celery/worker/loops.py", line 97, in asynloop
    next(loop)
  File "/Users/deepak/Desktop/firestormInternet/fluent-forms-management/backend/venv/lib/python3.12/site-packages/kombu/asynchronous/hub.py", line 321, in create_loop
    events = poll(poll_timeout)
             ^^^^^^^^^^^^^^^^^^
  File "/Users/deepak/Desktop/firestormInternet/fluent-forms-management/backend/venv/lib/python3.12/site-packages/kombu/utils/eventio.py", line 216, in poll
    event_list = self._quick_poll(timeout)
                 ^^^^^^^^^^^^^^^^^^^^^^^^^
  File "/Users/deepak/Desktop/firestormInternet/fluent-forms-management/backend/venv/lib/python3.12/site-packages/celery/apps/worker.py", line 288, in _handle_request
    callback(worker)
  File "/Users/deepak/Desktop/firestormInternet/fluent-forms-management/backend/venv/lib/python3.12/site-packages/celery/apps/worker.py", line 320, in on_SIGINT
    safe_say('worker: Hitting Ctrl+C again will terminate all running tasks!')
  File "/Users/deepak/Desktop/firestormInternet/fluent-forms-management/backend/venv/lib/python3.12/site-packages/celery/apps/worker.py", line 81, in safe_say
    print(f'\n{msg}', file=sys.__stderr__, flush=True)
  File "/Users/deepak/Desktop/firestormInternet/fluent-forms-management/backend/venv/lib/python3.12/site-packages/celery/apps/worker.py", line 289, in _handle_request
    safe_say(f'worker: {how} shutdown (MainProcess)')
  File "/Users/deepak/Desktop/firestormInternet/fluent-forms-management/backend/venv/lib/python3.12/site-packages/celery/apps/worker.py", line 81, in safe_say
    print(f'\n{msg}', file=sys.__stderr__, flush=True)
RuntimeError: reentrant call inside <_io.BufferedWriter name='<stderr>'>
